[sites.google.com/paperbob.com/beloteinteractive.html]
[backblue.gif]
[fade.gif]
[index.html]
[ssl.gstatic.com/atari/images/label-maker-header-cropped.jpg]
[apis.google.com/js/clientc932.js]
[sites.google.com/paperbob.com/beloteinteractive/home.html]
[sites.google.com/paperbob.com/beloteinteractive/portfolio.html]
[sites.google.com/paperbob.com/beloteinteractive/portfolio/ancient-cultures-interactive.html]
[sites.google.com/paperbob.com/beloteinteractive/portfolio/qingming-scroll.html]
[sites.google.com/paperbob.com/beloteinteractive/portfolio/agri-quest-quiz-table.html]
[sites.google.com/paperbob.com/beloteinteractive/portfolio/specimens-shells.html]
[sites.google.com/paperbob.com/beloteinteractive/portfolio/madagascar-twitter-wall.html]
[sites.google.com/paperbob.com/beloteinteractive/portfolio/bmx-leverage.html]
[sites.google.com/paperbob.com/beloteinteractive/portfolio/stela-rebuild.html]
[sites.google.com/paperbob.com/beloteinteractive.html]
[sites.google.com/paperbob.com/beloteinteractive/home.html]
[sites.google.com/paperbob.com/beloteinteractive/portfolio.html]
[sites.google.com/paperbob.com/beloteinteractive/portfolio/ancient-cultures-interactive.html]
[sites.google.com/paperbob.com/beloteinteractive/portfolio/qingming-scroll.html]
[sites.google.com/paperbob.com/beloteinteractive/portfolio/agri-quest-quiz-table.html]
[sites.google.com/paperbob.com/beloteinteractive/portfolio/specimens-shells.html]
[sites.google.com/paperbob.com/beloteinteractive/portfolio/madagascar-twitter-wall.html]
[sites.google.com/paperbob.com/beloteinteractive/portfolio/bmx-leverage.html]
[sites.google.com/paperbob.com/beloteinteractive/portfolio/stela-rebuild.html]
[sites.google.com/paperbob.com/beloteinteractive/portfolio/africa-well-upgrade.html]
[sites.google.com/paperbob.com/beloteinteractive/portfolio/africa-well-upgrade.html]
